// Jest Snapshot v1, https://goo.gl/fbAQLP

exports[`Interface create Interface 1`] = `
"\\"\\"\\"A character in the Star Wars Trilogy\\"\\"\\"
interface Character {
  \\"\\"\\"The id of the character.\\"\\"\\"
  id: ID!

  \\"\\"\\"The name of the character.\\"\\"\\"
  name: String

  \\"\\"\\"The friends of the character, or an empty list if they have none.\\"\\"\\"
  friends: [Character]

  \\"\\"\\"Which movies they appear in.\\"\\"\\"
  appearsIn: [Episode]
}

\\"\\"\\"A mechanical creature in the Star Wars universe.\\"\\"\\"
type Droid implements Character {
  \\"\\"\\"The id of the character.\\"\\"\\"
  id: ID!

  \\"\\"\\"The name of the character.\\"\\"\\"
  name: String

  \\"\\"\\"The friends of the character, or an empty list if they have none.\\"\\"\\"
  friends: [Character]

  \\"\\"\\"Which movies they appear in.\\"\\"\\"
  appearsIn: [Episode]

  \\"\\"\\"The primary function of the droid, or null if unknown..\\"\\"\\"
  primaryFunction: String
}

\\"\\"\\"The description\\"\\"\\"
enum Episode {
  \\"\\"\\"Released in 1977.\\"\\"\\"
  NEWHOPE

  \\"\\"\\"Released in 1980.\\"\\"\\"
  EMPIRE

  \\"\\"\\"Released in 1983.\\"\\"\\"
  JEDI
}

\\"\\"\\"A humanoid creature in the Star Wars universe.\\"\\"\\"
type Human implements Character {
  \\"\\"\\"The id of the character.\\"\\"\\"
  id: ID!

  \\"\\"\\"The name of the character.\\"\\"\\"
  name: String

  \\"\\"\\"The friends of the character, or an empty list if they have none.\\"\\"\\"
  friends: [Character]

  \\"\\"\\"Which movies they appear in.\\"\\"\\"
  appearsIn: [Episode]

  \\"\\"\\"The home planet of the human, or null if unknown..\\"\\"\\"
  homePlanet: String
}

type Query {
  hero(episode: Episode): Character
  human(id: String): Human
  droid(id: String): Droid
}
"
`;
